
R version 2.15.2 (2012-10-26) -- "Trick or Treat"
Copyright (C) 2012 The R Foundation for Statistical Computing
ISBN 3-900051-07-0
Platform: x86_64-unknown-linux-gnu (64-bit)

R is free software and comes with ABSOLUTELY NO WARRANTY.
You are welcome to redistribute it under certain conditions.
Type 'license()' or 'licence()' for distribution details.

  Natural language support but running in an English locale

R is a collaborative project with many contributors.
Type 'contributors()' for more information and
'citation()' on how to cite R or R packages in publications.

Type 'demo()' for some demos, 'help()' for on-line help, or
'help.start()' for an HTML browser interface to help.
Type 'q()' to quit R.

> # Load the R MPI package if it is not already loaded.
> if (!is.loaded("mpi_initialize")) {
+     library("Rmpi")
+ }
> 
> # Spawn as many slaves as possible
> mpi.spawn.Rslaves()
	16 slaves are spawned successfully. 0 failed.
master  (rank 0 , comm 1) of size 17 is running on: airoldi10 
slave1  (rank 1 , comm 1) of size 17 is running on: airoldi02 
slave2  (rank 2 , comm 1) of size 17 is running on: airoldi02 
slave3  (rank 3 , comm 1) of size 17 is running on: airoldi02 
... ... ...
slave15 (rank 15, comm 1) of size 17 is running on: airoldi10 
slave16 (rank 16, comm 1) of size 17 is running on: airoldi10 
> 
> # In case R exits unexpectedly, have it automatically clean up
> # resources taken up by Rmpi (slaves, memory, etc...)
> .Last <- function(){
+     if (is.loaded("mpi_initialize")){
+         if (mpi.comm.size(1) > 0){
+             print("Please use mpi.close.Rslaves() to close slaves.")
+             mpi.close.Rslaves()
+         }
+         print("Please use mpi.quit() to quit R")
+         .Call("mpi_finalize")
+     }
+ }
> 
> # Tell all slaves to return a message identifying themselves
> mpi.remote.exec(paste("I am",mpi.comm.rank(),"of",mpi.comm.size()))
$slave1
[1] "I am 1 of 17"

$slave2
[1] "I am 2 of 17"

$slave3
[1] "I am 3 of 17"

$slave4
[1] "I am 4 of 17"

$slave5
[1] "I am 5 of 17"

$slave6
[1] "I am 6 of 17"

$slave7
[1] "I am 7 of 17"

$slave8
[1] "I am 8 of 17"

$slave9
[1] "I am 9 of 17"

$slave10
[1] "I am 10 of 17"

$slave11
[1] "I am 11 of 17"

$slave12
[1] "I am 12 of 17"

$slave13
[1] "I am 13 of 17"

$slave14
[1] "I am 14 of 17"

$slave15
[1] "I am 15 of 17"

$slave16
[1] "I am 16 of 17"

> 
> # Tell all slaves to close down, and exit the program
> mpi.close.Rslaves()
[1] 1
> mpi.quit()
